Number base 10: 60
Number base 20: DA
 ------------------------------------------------------------------------------------------
Number base 10: 30
Number base 20: BK
 ------------------------------------------------------------------------------------------
Number base 10: 100
Number base 20: FA
 ------------------------------------------------------------------------------------------
